Archive member included to satisfy reference by file (symbol)

c:/program files (x86)/gnu tools arm embedded/5.2 2015q4/bin/../lib/gcc/arm-none-eabi/5.2.1/armv6-m\libgcc.a(_udivsi3.o)
                              ./system/src/stm32f0-stdperiph/stm32f0xx_rcc.o (__aeabi_uidiv)
c:/program files (x86)/gnu tools arm embedded/5.2 2015q4/bin/../lib/gcc/arm-none-eabi/5.2.1/armv6-m\libgcc.a(_divsi3.o)
                              ./src/Lights.o (__aeabi_idiv)
c:/program files (x86)/gnu tools arm embedded/5.2 2015q4/bin/../lib/gcc/arm-none-eabi/5.2.1/armv6-m\libgcc.a(_dvmd_tls.o)
                              c:/program files (x86)/gnu tools arm embedded/5.2 2015q4/bin/../lib/gcc/arm-none-eabi/5.2.1/armv6-m\libgcc.a(_udivsi3.o) (__aeabi_idiv0)
c:/program files (x86)/gnu tools arm embedded/5.2 2015q4/bin/../lib/gcc/arm-none-eabi/5.2.1/armv6-m\libgcc.a(divdf3.o)
                              ./src/Lights.o (__aeabi_ddiv)
c:/program files (x86)/gnu tools arm embedded/5.2 2015q4/bin/../lib/gcc/arm-none-eabi/5.2.1/armv6-m\libgcc.a(muldf3.o)
                              ./src/Lights.o (__aeabi_dmul)
c:/program files (x86)/gnu tools arm embedded/5.2 2015q4/bin/../lib/gcc/arm-none-eabi/5.2.1/armv6-m\libgcc.a(fixdfsi.o)
                              ./src/Lights.o (__aeabi_d2iz)
c:/program files (x86)/gnu tools arm embedded/5.2 2015q4/bin/../lib/gcc/arm-none-eabi/5.2.1/armv6-m\libgcc.a(floatsidf.o)
                              ./src/Lights.o (__aeabi_i2d)
c:/program files (x86)/gnu tools arm embedded/5.2 2015q4/bin/../lib/gcc/arm-none-eabi/5.2.1/armv6-m\libgcc.a(_clzsi2.o)
                              c:/program files (x86)/gnu tools arm embedded/5.2 2015q4/bin/../lib/gcc/arm-none-eabi/5.2.1/armv6-m\libgcc.a(divdf3.o) (__clzsi2)
c:/program files (x86)/gnu tools arm embedded/5.2 2015q4/bin/../lib/gcc/arm-none-eabi/5.2.1/../../../../arm-none-eabi/lib/armv6-m\libg_nano.a(lib_a-errno.o)
                              ./system/src/newlib/_sbrk.o (__errno)
c:/program files (x86)/gnu tools arm embedded/5.2 2015q4/bin/../lib/gcc/arm-none-eabi/5.2.1/../../../../arm-none-eabi/lib/armv6-m\libg_nano.a(lib_a-impure.o)
                              c:/program files (x86)/gnu tools arm embedded/5.2 2015q4/bin/../lib/gcc/arm-none-eabi/5.2.1/../../../../arm-none-eabi/lib/armv6-m\libg_nano.a(lib_a-errno.o) (_impure_ptr)

Allocating common symbols
Common symbol       size              file

read_count          0x4               ./src/Lights.o
errno               0x4               ./system/src/newlib/_syscalls.o
readings            0x78              ./src/Lights.o

Discarded input sections

 .group         0x00000000        0x8 ./system/src/stm32f0-stdperiph/stm32f0xx_gpio.o
 .group         0x00000000        0x8 ./system/src/stm32f0-stdperiph/stm32f0xx_gpio.o
 .group         0x00000000        0x8 ./system/src/stm32f0-stdperiph/stm32f0xx_gpio.o
 .group         0x00000000        0x8 ./system/src/stm32f0-stdperiph/stm32f0xx_gpio.o
 .group         0x00000000        0x8 ./system/src/stm32f0-stdperiph/stm32f0xx_gpio.o
 .group         0x00000000        0x8 ./system/src/stm32f0-stdperiph/stm32f0xx_gpio.o
 .group         0x00000000        0x8 ./system/src/stm32f0-stdperiph/stm32f0xx_gpio.o
 .group         0x00000000        0x8 ./system/src/stm32f0-stdperiph/stm32f0xx_gpio.o
 .group         0x00000000        0x8 ./system/src/stm32f0-stdperiph/stm32f0xx_gpio.o
 .group         0x00000000        0x8 ./system/src/stm32f0-stdperiph/stm32f0xx_gpio.o
 .group         0x00000000        0x8 ./system/src/stm32f0-stdperiph/stm32f0xx_gpio.o
 .group         0x00000000        0x8 ./system/src/stm32f0-stdperiph/stm32f0xx_gpio.o
 .group         0x00000000        0x8 ./system/src/stm32f0-stdperiph/stm32f0xx_gpio.o
 .group         0x00000000        0x8 ./system/src/stm32f0-stdperiph/stm32f0xx_gpio.o
 .group         0x00000000        0x8 ./system/src/stm32f0-stdperiph/stm32f0xx_gpio.o
 .group         0x00000000        0x8 ./system/src/stm32f0-stdperiph/stm32f0xx_gpio.o
 .group         0x00000000        0x8 ./system/src/stm32f0-stdperiph/stm32f0xx_gpio.o
 .group         0x00000000        0x8 ./system/src/stm32f0-stdperiph/stm32f0xx_gpio.o
 .group         0x00000000        0x8 ./system/src/stm32f0-stdperiph/stm32f0xx_gpio.o
 .group         0x00000000        0x8 ./system/src/stm32f0-stdperiph/stm32f0xx_gpio.o
 .group         0x00000000        0x8 ./system/src/stm32f0-stdperiph/stm32f0xx_gpio.o
 .group         0x00000000        0x8 ./system/src/stm32f0-stdperiph/stm32f0xx_gpio.o
 .group         0x00000000        0x8 ./system/src/stm32f0-stdperiph/stm32f0xx_gpio.o
 .group         0x00000000        0x8 ./system/src/stm32f0-stdperiph/stm32f0xx_gpio.o
 .group         0x00000000        0x8 ./system/src/stm32f0-stdperiph/stm32f0xx_gpio.o
 .group         0x00000000        0x8 ./system/src/stm32f0-stdperiph/stm32f0xx_gpio.o
 .group         0x00000000        0x8 ./system/src/stm32f0-stdperiph/stm32f0xx_gpio.o
[...]
Memory Configuration

Name             Origin             Length             Attributes
RAM              0x20000000         0x00002000         xrw
CCMRAM           0x00000000         0x00000000         xrw
FLASH            0x08000000         0x00010000         xr
FLASHB1          0x00000000         0x00000000         xr
EXTMEMB0         0x00000000         0x00000000         xr
EXTMEMB1         0x00000000         0x00000000         xr
EXTMEMB2         0x00000000         0x00000000         xr
EXTMEMB3         0x00000000         0x00000000         xr
MEMORY_ARRAY     0x00000000         0x00000000         xrw
*default*        0x00000000         0xffffffff

Linker script and memory map

LOAD ./system/src/stm32f0-stdperiph/stm32f0xx_gpio.o
LOAD ./system/src/stm32f0-stdperiph/stm32f0xx_rcc.o
LOAD ./system/src/stm32f0-stdperiph/stm32f0xx_tim.o
LOAD ./system/src/newlib/_cxx.o
LOAD ./system/src/newlib/_exit.o
LOAD ./system/src/newlib/_sbrk.o
LOAD ./system/src/newlib/_startup.o
LOAD ./system/src/newlib/_syscalls.o
LOAD ./system/src/newlib/assert.o
LOAD ./system/src/diag/Trace.o
LOAD ./system/src/diag/trace_impl.o
LOAD ./system/src/cortexm/_initialize_hardware.o
LOAD ./system/src/cortexm/_reset_hardware.o
LOAD ./system/src/cortexm/exception_handlers.o
LOAD ./system/src/cmsis/system_stm32f0xx.o
LOAD ./system/src/cmsis/vectors_stm32f0xx.o
LOAD ./src/Lights.o
LOAD ./src/_write.o
LOAD ./src/main.o
LOAD c:/program files (x86)/gnu tools arm embedded/5.2 2015q4/bin/../lib/gcc/arm-none-eabi/5.2.1/../../../../arm-none-eabi/lib/armv6-m\libstdc++_nano.a
LOAD c:/program files (x86)/gnu tools arm embedded/5.2 2015q4/bin/../lib/gcc/arm-none-eabi/5.2.1/../../../../arm-none-eabi/lib/armv6-m\libm.a
START GROUP
LOAD c:/program files (x86)/gnu tools arm embedded/5.2 2015q4/bin/../lib/gcc/arm-none-eabi/5.2.1/armv6-m\libgcc.a
LOAD c:/program files (x86)/gnu tools arm embedded/5.2 2015q4/bin/../lib/gcc/arm-none-eabi/5.2.1/../../../../arm-none-eabi/lib/armv6-m\libg_nano.a
LOAD c:/program files (x86)/gnu tools arm embedded/5.2 2015q4/bin/../lib/gcc/arm-none-eabi/5.2.1/../../../../arm-none-eabi/lib/armv6-m\libc_nano.a
END GROUP
START GROUP
LOAD c:/program files (x86)/gnu tools arm embedded/5.2 2015q4/bin/../lib/gcc/arm-none-eabi/5.2.1/armv6-m\libgcc.a
LOAD c:/program files (x86)/gnu tools arm embedded/5.2 2015q4/bin/../lib/gcc/arm-none-eabi/5.2.1/../../../../arm-none-eabi/lib/armv6-m\libc_nano.a
END GROUP
                0x20002000                __stack = (ORIGIN (RAM) + LENGTH (RAM))
                0x20002000                _estack = __stack
                0x00000400                __Main_Stack_Size = 0x400
                [!provide]                PROVIDE (_Main_Stack_Size, __Main_Stack_Size)
                0x20001c00                __Main_Stack_Limit = (__stack - __Main_Stack_Size)
                [!provide]                PROVIDE (_Main_Stack_Limit, __Main_Stack_Limit)
                0x00000100                _Minimum_Stack_Size = 0x100
                0x200000d4                PROVIDE (_Heap_Begin, _end_noinit)
                0x20001c00                PROVIDE (_Heap_Limit, (__stack - __Main_Stack_Size))

.isr_vector     0x08000000      0x218
 FILL mask 0xff
                0x08000000                __vectors_start = ABSOLUTE (.)
                0x08000000                __vectors_start__ = ABSOLUTE (.)
 *(.isr_vector)
 .isr_vector    0x08000000       0xc4 ./system/src/cmsis/vectors_stm32f0xx.o
                0x08000000                g_pfnVectors
 *(.cfmconfig)
 *(.after_vectors .after_vectors.*)
 .after_vectors
                0x080000c4      0x118 ./system/src/newlib/_startup.o
                0x080000c4                _start
 .after_vectors
                0x080001dc       0x38 ./system/src/cortexm/exception_handlers.o
                0x080001dc                Reset_Handler
                0x080001e4                NMI_Handler
                0x080001e8                HardFault_Handler
                0x08000200                HardFault_Handler_C
                0x08000204                SVC_Handler
                0x08000208                PendSV_Handler
                0x0800020c                SysTick_Handler
 .after_vectors
                0x08000214        0x4 ./system/src/cmsis/vectors_stm32f0xx.o
                0x08000214                TIM1_CC_IRQHandler
                0x08000214                TSC_IRQHandler
                0x08000214                ADC1_COMP_IRQHandler
                0x08000214                PVD_IRQHandler
                0x08000214                I2C1_IRQHandler
                0x08000214                RCC_CRS_IRQHandler
                0x08000214                SPI1_IRQHandler
                0x08000214                TIM6_DAC_IRQHandler
                0x08000214                USART3_4_IRQHandler
                0x08000214                EXTI2_3_IRQHandler
                0x08000214                ADC1_IRQHandler
                0x08000214                I2C2_IRQHandler
                0x08000214                TIM17_IRQHandler
                0x08000214                CEC_CAN_IRQHandler
                0x08000214                RTC_IRQHandler
                0x08000214                PVD_VDDIO2_IRQHandler
                0x08000214                DMA1_Channel4_5_6_7_IRQHandler
                0x08000214                TIM16_IRQHandler
                0x08000214                TIM3_IRQHandler
                0x08000214                RCC_IRQHandler
                0x08000214                EXTI4_15_IRQHandler
                0x08000214                DMA1_Channel1_IRQHandler
                0x08000214                Default_Handler
                0x08000214                CEC_IRQHandler
                0x08000214                TIM14_IRQHandler
                0x08000214                DMA1_Channel4_5_IRQHandler
                0x08000214                TIM7_IRQHandler
                0x08000214                TIM15_IRQHandler
                0x08000214                EXTI0_1_IRQHandler
                0x08000214                USB_IRQHandler
                0x08000214                SPI2_IRQHandler
                0x08000214                TS_IRQHandler
                0x08000214                WWDG_IRQHandler
                0x08000214                DMA1_Channel2_3_IRQHandler
                0x08000214                USART2_IRQHandler
                0x08000214                FLASH_IRQHandler
                0x08000214                USART1_IRQHandler
                0x08000214                TIM1_BRK_UP_TRG_COM_IRQHandler

.inits          0x08000218       0x28
                0x08000218                __data_regions_array_start = .
                0x08000218        0x4 LONG 0x8001764 LOADADDR (.data)
                0x0800021c        0x4 LONG 0x20000000 ADDR (.data)
                0x08000220        0x4 LONG 0x20000028 (ADDR (.data) + SIZEOF (.data))
                0x08000224        0x4 LONG 0x8001764 LOADADDR (.data_CCMRAM)
                0x08000228        0x4 LONG 0x0 ADDR (.data_CCMRAM)
                0x0800022c        0x4 LONG 0x0 (ADDR (.data_CCMRAM) + SIZEOF (.data_CCMRAM))
                0x08000230                __data_regions_array_end = .
                0x08000230                __bss_regions_array_start = .
                0x08000230        0x4 LONG 0x20000028 ADDR (.bss)
                0x08000234        0x4 LONG 0x200000d4 (ADDR (.bss) + SIZEOF (.bss))
                0x08000238        0x4 LONG 0x0 ADDR (.bss_CCMRAM)
                0x0800023c        0x4 LONG 0x0 (ADDR (.bss_CCMRAM) + SIZEOF (.bss_CCMRAM))
                0x08000240                __bss_regions_array_end = .
 *(.init)
 *(.fini)
                0x08000240                . = ALIGN (0x4)
                0x08000240                PROVIDE (__preinit_array_start, .)
 *(.preinit_array_sysinit .preinit_array_sysinit.*)
 *(.preinit_array_platform .preinit_array_platform.*)
 *(.preinit_array .preinit_array.*)
                0x08000240                PROVIDE (__preinit_array_end, .)
                0x08000240                . = ALIGN (0x4)
                0x08000240                PROVIDE (__init_array_start, .)
 *(SORT(.init_array.*))
 *(.init_array)
                0x08000240                PROVIDE (__init_array_end, .)
                0x08000240                . = ALIGN (0x4)
                0x08000240                PROVIDE (__fini_array_start, .)
 *(SORT(.fini_array.*))
 *(.fini_array)
                0x08000240                PROVIDE (__fini_array_end, .)

.flashtext
 *(.flashtext .flashtext.*)

.text           0x08000240     0x1524
 *(.text .text.*)
 .text.TIM_OC4Init
                0x08000240      0x108 ./system/src/stm32f0-stdperiph/stm32f0xx_tim.o
                0x08000240                TIM_OC4Init
 .text._exit    0x08000348        0x4 ./system/src/newlib/_exit.o
                0x08000348                _exit
 .text.abort    0x0800034c        0x8 ./system/src/newlib/_exit.o
                0x0800034c                abort
 .text.__initialize_args
                0x08000354       0x10 ./system/src/newlib/_syscalls.o
                0x08000354                __initialize_args
 .text.assert_failed
                0x08000364        0x8 ./system/src/newlib/assert.o
                0x08000364                assert_failed
 .text.__initialize_hardware_early
                0x0800036c        0x8 ./system/src/cortexm/_initialize_hardware.o
                0x0800036c                __initialize_hardware_early
 .text.__initialize_hardware
                0x08000374        0x8 ./system/src/cortexm/_initialize_hardware.o
                0x08000374                __initialize_hardware
 .text.SetSysClock
                0x0800037c       0xb0 ./system/src/cmsis/system_stm32f0xx.o
 .text.SystemInit
                0x0800042c       0x64 ./system/src/cmsis/system_stm32f0xx.o
                0x0800042c                SystemInit
 .text.SystemCoreClockUpdate
                0x08000490       0x94 ./system/src/cmsis/system_stm32f0xx.o
                0x08000490                SystemCoreClockUpdate
 .text.ADC_init
                0x08000524       0x78 ./src/Lights.o
                0x08000524                ADC_init
 .text.TIM3_PWM_mode
                0x0800059c       0x50 ./src/Lights.o
                0x0800059c                TIM3_PWM_mode
 .text.TIM2_IRQHandler
                0x080005ec       0xdc ./src/Lights.o
                0x080005ec                TIM2_IRQHandler
 .text.timer_init
                0x080006c8       0x40 ./src/Lights.o
                0x080006c8                timer_init
 .text.LIGHTS_AF_init
                0x08000708       0x44 ./src/Lights.o
                0x08000708                LIGHTS_AF_init
 .text.INITI    0x0800074c       0x28 ./src/Lights.o
                0x0800074c                INITI
 .text.main     0x08000774        0x8 ./src/main.o
                0x08000774                main
 .text          0x0800077c      0x114 c:/program files (x86)/gnu tools arm embedded/5.2 2015q4/bin/../lib/gcc/arm-none-eabi/5.2.1/armv6-m\libgcc.a(_udivsi3.o)
                0x0800077c                __aeabi_uidiv
                0x0800077c                __udivsi3
                0x08000888                __aeabi_uidivmod
 .text          0x08000890      0x1d4 c:/program files (x86)/gnu tools arm embedded/5.2 2015q4/bin/../lib/gcc/arm-none-eabi/5.2.1/armv6-m\libgcc.a(_divsi3.o)
                0x08000890                __divsi3
                0x08000890                __aeabi_idiv
                0x08000a5c                __aeabi_idivmod
 .text          0x08000a64        0x4 c:/program files (x86)/gnu tools arm embedded/5.2 2015q4/bin/../lib/gcc/arm-none-eabi/5.2.1/armv6-m\libgcc.a(_dvmd_tls.o)
                0x08000a64                __aeabi_idiv0
                0x08000a64                __aeabi_ldiv0
 .text          0x08000a68      0x62c c:/program files (x86)/gnu tools arm embedded/5.2 2015q4/bin/../lib/gcc/arm-none-eabi/5.2.1/armv6-m\libgcc.a(divdf3.o)
                0x08000a68                __aeabi_ddiv
 .text          0x08001094      0x4f4 c:/program files (x86)/gnu tools arm embedded/5.2 2015q4/bin/../lib/gcc/arm-none-eabi/5.2.1/armv6-m\libgcc.a(muldf3.o)
                0x08001094                __aeabi_dmul
 .text          0x08001588       0x6c c:/program files (x86)/gnu tools arm embedded/5.2 2015q4/bin/../lib/gcc/arm-none-eabi/5.2.1/armv6-m\libgcc.a(fixdfsi.o)
                0x08001588                __aeabi_d2iz
 .text          0x080015f4       0x84 c:/program files (x86)/gnu tools arm embedded/5.2 2015q4/bin/../lib/gcc/arm-none-eabi/5.2.1/armv6-m\libgcc.a(floatsidf.o)
                0x080015f4                __aeabi_i2d
 .text          0x08001678       0x3c c:/program files (x86)/gnu tools arm embedded/5.2 2015q4/bin/../lib/gcc/arm-none-eabi/5.2.1/armv6-m\libgcc.a(_clzsi2.o)
                0x08001678                __clzsi2
 *(.rodata .rodata.* .constdata .constdata.*)
 .rodata.str1.4
                0x080016b4       0x30 ./system/src/stm32f0-stdperiph/stm32f0xx_tim.o
 .rodata        0x080016e4       0x40 c:/program files (x86)/gnu tools arm embedded/5.2 2015q4/bin/../lib/gcc/arm-none-eabi/5.2.1/armv6-m\libgcc.a(divdf3.o)
 .rodata        0x08001724       0x40 c:/program files (x86)/gnu tools arm embedded/5.2 2015q4/bin/../lib/gcc/arm-none-eabi/5.2.1/armv6-m\libgcc.a(muldf3.o)
 *(vtable)
 *(.eh_frame*)
 *(.glue_7)
 .glue_7        0x08001764        0x0 linker stubs
 *(.glue_7t)
 .glue_7t       0x08001764        0x0 linker stubs

.vfp11_veneer   0x08001764        0x0
 .vfp11_veneer  0x08001764        0x0 linker stubs

.v4_bx          0x08001764        0x0
 .v4_bx         0x08001764        0x0 linker stubs

.iplt           0x08001764        0x0
 .iplt          0x08001764        0x0 ./system/src/stm32f0-stdperiph/stm32f0xx_gpio.o

.rel.dyn        0x08001764        0x0
 .rel.iplt      0x08001764        0x0 ./system/src/stm32f0-stdperiph/stm32f0xx_gpio.o

.ARM.extab
 *(.ARM.extab* .gnu.linkonce.armextab.*)
                0x08001764                . = ALIGN (0x4)
                0x08001764                __exidx_start = .

.ARM.exidx
 *(.ARM.exidx* .gnu.linkonce.armexidx.*)
                0x08001764                __exidx_end = .
                0x08001764                . = ALIGN (0x4)
                0x08001764                _etext = .
                0x08001764                __etext = .

.data_CCMRAM    0x00000000        0x0 load address 0x08001764
 FILL mask 0xff
 *(.data.CCMRAM .data.CCMRAM.*)
                0x00000000                . = ALIGN (0x4)
                0x08001764                _sidata = LOADADDR (.data)

.data           0x20000000       0x28 load address 0x08001764
 FILL mask 0xff
                0x20000000                _sdata = .
                0x20000000                __data_start__ = .
 *(.data_begin .data_begin.*)
 .data_begin    0x20000000        0x4 ./system/src/newlib/_startup.o
 *(.data .data.*)
 .data.argv.4231
                0x20000004        0x8 ./system/src/newlib/_syscalls.o
 .data.AHBPrescTable
                0x2000000c       0x10 ./system/src/cmsis/system_stm32f0xx.o
                0x2000000c                AHBPrescTable
 .data.SystemCoreClock
                0x2000001c        0x4 ./system/src/cmsis/system_stm32f0xx.o
                0x2000001c                SystemCoreClock
 .data.gain     0x20000020        0x4 ./src/Lights.o
                0x20000020                gain
 *(.data_end .data_end.*)
 .data_end      0x20000024        0x4 ./system/src/newlib/_startup.o
                0x20000028                . = ALIGN (0x4)
                0x20000028                _edata = .
                0x20000028                __data_end__ = .

.igot.plt       0x20000028        0x0 load address 0x0800178c
 .igot.plt      0x20000028        0x0 ./system/src/stm32f0-stdperiph/stm32f0xx_gpio.o

.bss_CCMRAM     0x00000000        0x0
 *(.bss.CCMRAM .bss.CCMRAM.*)

.bss            0x20000028       0xac
                0x20000028                __bss_start__ = .
                0x20000028                _sbss = .
 *(.bss_begin .bss_begin.*)
 .bss_begin     0x20000028        0x4 ./system/src/newlib/_startup.o
 *(.bss .bss.*)
 .bss.name.4230
                0x2000002c        0x1 ./system/src/newlib/_syscalls.o
 *fill*         0x2000002d        0x3 
 .bss.maxx      0x20000030        0x4 ./src/Lights.o
                0x20000030                maxx
 *fill*         0x20000034        0x4 
 .bss.normal    0x20000038        0x8 ./src/Lights.o
                0x20000038                normal
 .bss.readIndex
                0x20000040        0x4 ./src/Lights.o
                0x20000040                readIndex
 .bss.average   0x20000044        0x4 ./src/Lights.o
                0x20000044                average
 .bss.total     0x20000048        0x4 ./src/Lights.o
                0x20000048                total
 .bss.minn      0x2000004c        0x4 ./src/Lights.o
                0x2000004c                minn
 .bss.OPT       0x20000050        0x4 ./src/Lights.o
                0x20000050                OPT
 *(COMMON)
 COMMON         0x20000054       0x7c ./src/Lights.o
                0x20000054                read_count
                0x20000058                readings
 *(.bss_end .bss_end.*)
 .bss_end       0x200000d0        0x4 ./system/src/newlib/_startup.o
                0x200000d4                . = ALIGN (0x4)
                0x200000d4                __bss_end__ = .
                0x200000d4                _ebss = .

.noinit_CCMRAM
 *(.noinit.CCMRAM .noinit.CCMRAM.*)

.noinit         0x200000d4        0x0
                0x200000d4                _noinit = .
 *(.noinit .noinit.*)
                0x200000d4                . = ALIGN (0x4)
                0x200000d4                _end_noinit = .
                [!provide]                PROVIDE (end, _end_noinit)
                [!provide]                PROVIDE (_end, _end_noinit)
                [!provide]                PROVIDE (__end, _end_noinit)
                [!provide]                PROVIDE (__end__, _end_noinit)

._check_stack   0x200000d4      0x100
                0x200001d4                . = (. + _Minimum_Stack_Size)
 *fill*         0x200000d4      0x100 

.b1text
 *(.b1text)
 *(.b1rodata)
 *(.b1rodata.*)

.eb0text
 *(.eb0text)
 *(.eb0rodata)
 *(.eb0rodata.*)

.eb1text
 *(.eb1text)
 *(.eb1rodata)
 *(.eb1rodata.*)

.eb2text
 *(.eb2text)
 *(.eb2rodata)
 *(.eb2rodata.*)

.eb3text
 *(.eb3text)
 *(.eb3rodata)
 *(.eb3rodata.*)

.stab
 *(.stab)

.stabstr
 *(.stabstr)

.stab.excl
 *(.stab.excl)

.stab.exclstr
 *(.stab.exclstr)

.stab.index
 *(.stab.index)

.stab.indexstr
 *(.stab.indexstr)

.comment        0x00000000       0x6e
 *(.comment)
 .comment       0x00000000       0x6e ./system/src/stm32f0-stdperiph/stm32f0xx_tim.o
                                 0x6f (size before relaxing)
 .comment       0x0000006e       0x6f ./system/src/newlib/_exit.o
 .comment       0x0000006e       0x6f ./system/src/newlib/_startup.o
 .comment       0x0000006e       0x6f ./system/src/newlib/_syscalls.o
 .comment       0x0000006e       0x6f ./system/src/newlib/assert.o
 .comment       0x0000006e       0x6f ./system/src/cortexm/_initialize_hardware.o
 .comment       0x0000006e       0x6f ./system/src/cortexm/exception_handlers.o
 .comment       0x0000006e       0x6f ./system/src/cmsis/system_stm32f0xx.o
 .comment       0x0000006e       0x6f ./system/src/cmsis/vectors_stm32f0xx.o
 .comment       0x0000006e       0x6f ./src/Lights.o
 .comment       0x0000006e       0x6f ./src/main.o

.ARM.attributes
                0x00000000       0x31
 .ARM.attributes
                0x00000000       0x31 ./system/src/stm32f0-stdperiph/stm32f0xx_tim.o
 .ARM.attributes
                0x00000031       0x31 ./system/src/newlib/_exit.o
 .ARM.attributes
                0x00000062       0x31 ./system/src/newlib/_startup.o
 .ARM.attributes
                0x00000093       0x31 ./system/src/newlib/_syscalls.o
 .ARM.attributes
                0x000000c4       0x31 ./system/src/newlib/assert.o
 .ARM.attributes
                0x000000f5       0x31 ./system/src/cortexm/_initialize_hardware.o
 .ARM.attributes
                0x00000126       0x31 ./system/src/cortexm/exception_handlers.o
 .ARM.attributes
                0x00000157       0x31 ./system/src/cmsis/system_stm32f0xx.o
 .ARM.attributes
                0x00000188       0x31 ./system/src/cmsis/vectors_stm32f0xx.o
 .ARM.attributes
                0x000001b9       0x31 ./src/Lights.o
 .ARM.attributes
                0x000001ea       0x31 ./src/main.o
 .ARM.attributes
                0x0000021b       0x1e c:/program files (x86)/gnu tools arm embedded/5.2 2015q4/bin/../lib/gcc/arm-none-eabi/5.2.1/armv6-m\libgcc.a(_udivsi3.o)
 .ARM.attributes
                0x00000239       0x1e c:/program files (x86)/gnu tools arm embedded/5.2 2015q4/bin/../lib/gcc/arm-none-eabi/5.2.1/armv6-m\libgcc.a(_divsi3.o)
 .ARM.attributes
                0x00000257       0x1e c:/program files (x86)/gnu tools arm embedded/5.2 2015q4/bin/../lib/gcc/arm-none-eabi/5.2.1/armv6-m\libgcc.a(_dvmd_tls.o)
 .ARM.attributes
                0x00000275       0x2c c:/program files (x86)/gnu tools arm embedded/5.2 2015q4/bin/../lib/gcc/arm-none-eabi/5.2.1/armv6-m\libgcc.a(divdf3.o)
 .ARM.attributes
                0x000002a1       0x2c c:/program files (x86)/gnu tools arm embedded/5.2 2015q4/bin/../lib/gcc/arm-none-eabi/5.2.1/armv6-m\libgcc.a(muldf3.o)
 .ARM.attributes
                0x000002cd       0x2c c:/program files (x86)/gnu tools arm embedded/5.2 2015q4/bin/../lib/gcc/arm-none-eabi/5.2.1/armv6-m\libgcc.a(fixdfsi.o)
 .ARM.attributes
                0x000002f9       0x2c c:/program files (x86)/gnu tools arm embedded/5.2 2015q4/bin/../lib/gcc/arm-none-eabi/5.2.1/armv6-m\libgcc.a(floatsidf.o)
 .ARM.attributes
                0x00000325       0x1e c:/program files (x86)/gnu tools arm embedded/5.2 2015q4/bin/../lib/gcc/arm-none-eabi/5.2.1/armv6-m\libgcc.a(_clzsi2.o)

.debug
 *(.debug)

.line
 *(.line)

.debug_srcinfo
 *(.debug_srcinfo)

.debug_sfnames
 *(.debug_sfnames)

.debug_aranges  0x00000000      0x4f0
 *(.debug_aranges)
 .debug_aranges
                0x00000000      0x300 ./system/src/stm32f0-stdperiph/stm32f0xx_tim.o
 .debug_aranges
                0x00000300       0x28 ./system/src/newlib/_exit.o
 .debug_aranges
                0x00000328       0x40 ./system/src/newlib/_startup.o
 .debug_aranges
                0x00000368       0x30 ./system/src/newlib/_syscalls.o
 .debug_aranges
                0x00000398       0x28 ./system/src/newlib/assert.o
 .debug_aranges
                0x000003c0       0x28 ./system/src/cortexm/_initialize_hardware.o
 .debug_aranges
                0x000003e8       0x50 ./system/src/cortexm/exception_handlers.o
 .debug_aranges
                0x00000438       0x30 ./system/src/cmsis/system_stm32f0xx.o
 .debug_aranges
                0x00000468       0x20 ./system/src/cmsis/vectors_stm32f0xx.o
 .debug_aranges
                0x00000488       0x48 ./src/Lights.o
 .debug_aranges
                0x000004d0       0x20 ./src/main.o

.debug_pubnames
 *(.debug_pubnames)

.debug_info     0x00000000     0x50b0
 *(.debug_info .gnu.linkonce.wi.*)
 .debug_info    0x00000000     0x37cb ./system/src/stm32f0-stdperiph/stm32f0xx_tim.o
 .debug_info    0x000037cb       0xee ./system/src/newlib/_exit.o
 .debug_info    0x000038b9      0x454 ./system/src/newlib/_startup.o
 .debug_info    0x00003d0d      0x1bc ./system/src/newlib/_syscalls.o
 .debug_info    0x00003ec9      0x16c ./system/src/newlib/assert.o
 .debug_info    0x00004035       0xcb ./system/src/cortexm/_initialize_hardware.o
 .debug_info    0x00004100      0x1c4 ./system/src/cortexm/exception_handlers.o
 .debug_info    0x000042c4      0x2ec ./system/src/cmsis/system_stm32f0xx.o
 .debug_info    0x000045b0       0xd1 ./system/src/cmsis/vectors_stm32f0xx.o
 .debug_info    0x00004681      0x97c ./src/Lights.o
 .debug_info    0x00004ffd       0xb3 ./src/main.o

.debug_abbrev   0x00000000      0xb95
 *(.debug_abbrev)
 .debug_abbrev  0x00000000      0x1b8 ./system/src/stm32f0-stdperiph/stm32f0xx_tim.o
 .debug_abbrev  0x000001b8       0xbd ./system/src/newlib/_exit.o
 .debug_abbrev  0x00000275      0x1ac ./system/src/newlib/_startup.o
 .debug_abbrev  0x00000421       0xec ./system/src/newlib/_syscalls.o
 .debug_abbrev  0x0000050d       0xb9 ./system/src/newlib/assert.o
 .debug_abbrev  0x000005c6       0x63 ./system/src/cortexm/_initialize_hardware.o
 .debug_abbrev  0x00000629      0x100 ./system/src/cortexm/exception_handlers.o
 .debug_abbrev  0x00000729      0x148 ./system/src/cmsis/system_stm32f0xx.o
 .debug_abbrev  0x00000871       0x9d ./system/src/cmsis/vectors_stm32f0xx.o
 .debug_abbrev  0x0000090e      0x21f ./src/Lights.o
 .debug_abbrev  0x00000b2d       0x68 ./src/main.o

.debug_line     0x00000000     0x425d
 *(.debug_line)
 .debug_line    0x00000000     0x1cbd ./system/src/stm32f0-stdperiph/stm32f0xx_tim.o
 .debug_line    0x00001cbd      0x30d ./system/src/newlib/_exit.o
 .debug_line    0x00001fca      0x376 ./system/src/newlib/_startup.o
 .debug_line    0x00002340      0x3c4 ./system/src/newlib/_syscalls.o
 .debug_line    0x00002704      0x336 ./system/src/newlib/assert.o
 .debug_line    0x00002a3a      0x382 ./system/src/cortexm/_initialize_hardware.o
 .debug_line    0x00002dbc      0x627 ./system/src/cortexm/exception_handlers.o
 .debug_line    0x000033e3      0x3c0 ./system/src/cmsis/system_stm32f0xx.o
 .debug_line    0x000037a3      0x103 ./system/src/cmsis/vectors_stm32f0xx.o
 .debug_line    0x000038a6      0x3fa ./src/Lights.o
 .debug_line    0x00003ca0      0x5bd ./src/main.o

.debug_frame    0x00000000      0xe78
 *(.debug_frame)
 .debug_frame   0x00000000      0xa2c ./system/src/stm32f0-stdperiph/stm32f0xx_tim.o
 .debug_frame   0x00000a2c       0x38 ./system/src/newlib/_exit.o
 .debug_frame   0x00000a64       0x80 ./system/src/newlib/_startup.o
 .debug_frame   0x00000ae4       0x50 ./system/src/newlib/_syscalls.o
 .debug_frame   0x00000b34       0x40 ./system/src/newlib/assert.o
 .debug_frame   0x00000b74       0x40 ./system/src/cortexm/_initialize_hardware.o
 .debug_frame   0x00000bb4       0x88 ./system/src/cortexm/exception_handlers.o
 .debug_frame   0x00000c3c       0x54 ./system/src/cmsis/system_stm32f0xx.o
 .debug_frame   0x00000c90       0x20 ./system/src/cmsis/vectors_stm32f0xx.o
 .debug_frame   0x00000cb0       0x90 ./src/Lights.o
 .debug_frame   0x00000d40       0x28 ./src/main.o
 .debug_frame   0x00000d68       0x20 c:/program files (x86)/gnu tools arm embedded/5.2 2015q4/bin/../lib/gcc/arm-none-eabi/5.2.1/armv6-m\libgcc.a(_udivsi3.o)
 .debug_frame   0x00000d88       0x20 c:/program files (x86)/gnu tools arm embedded/5.2 2015q4/bin/../lib/gcc/arm-none-eabi/5.2.1/armv6-m\libgcc.a(_divsi3.o)
 .debug_frame   0x00000da8       0x3c c:/program files (x86)/gnu tools arm embedded/5.2 2015q4/bin/../lib/gcc/arm-none-eabi/5.2.1/armv6-m\libgcc.a(divdf3.o)
 .debug_frame   0x00000de4       0x3c c:/program files (x86)/gnu tools arm embedded/5.2 2015q4/bin/../lib/gcc/arm-none-eabi/5.2.1/armv6-m\libgcc.a(muldf3.o)
 .debug_frame   0x00000e20       0x2c c:/program files (x86)/gnu tools arm embedded/5.2 2015q4/bin/../lib/gcc/arm-none-eabi/5.2.1/armv6-m\libgcc.a(fixdfsi.o)
 .debug_frame   0x00000e4c       0x2c c:/program files (x86)/gnu tools arm embedded/5.2 2015q4/bin/../lib/gcc/arm-none-eabi/5.2.1/armv6-m\libgcc.a(floatsidf.o)

.debug_str      0x00000000    0x462d4
 *(.debug_str)
 .debug_str     0x00000000    0x3fb44 ./system/src/stm32f0-stdperiph/stm32f0xx_tim.o
                              0x3fd24 (size before relaxing)
 .debug_str     0x0003fb44     0x4353 ./system/src/newlib/_exit.o
                               0x6846 (size before relaxing)
 .debug_str     0x00043e97      0x26b ./system/src/newlib/_startup.o
                               0x57f2 (size before relaxing)
 .debug_str     0x00044102     0x1275 ./system/src/newlib/_syscalls.o
                               0x6a9f (size before relaxing)
 .debug_str     0x00045377       0xe6 ./system/src/newlib/assert.o
                               0x7356 (size before relaxing)
 .debug_str     0x0004545d       0x67 ./system/src/cortexm/_initialize_hardware.o
                              0x3f066 (size before relaxing)
 .debug_str     0x000454c4      0x15f ./system/src/cortexm/exception_handlers.o
                              0x4347e (size before relaxing)
 .debug_str     0x00045623      0x101 ./system/src/cmsis/system_stm32f0xx.o
                              0x3f114 (size before relaxing)
 .debug_str     0x00045724       0x56 ./system/src/cmsis/vectors_stm32f0xx.o
                               0x2edc (size before relaxing)
 .debug_str     0x0004577a      0x314 ./src/Lights.o
                              0x3f4cf (size before relaxing)
 .debug_str     0x00045a8e      0x846 ./src/main.o
                              0x43c29 (size before relaxing)

.debug_loc      0x00000000     0x2cfa
 *(.debug_loc)
 .debug_loc     0x00000000     0x281e ./system/src/stm32f0-stdperiph/stm32f0xx_tim.o
 .debug_loc     0x0000281e      0x265 ./system/src/newlib/_startup.o
 .debug_loc     0x00002a83       0x63 ./system/src/newlib/_syscalls.o
 .debug_loc     0x00002ae6       0xc6 ./system/src/newlib/assert.o
 .debug_loc     0x00002bac       0xee ./system/src/cmsis/system_stm32f0xx.o
 .debug_loc     0x00002c9a       0x60 ./src/Lights.o

.debug_macinfo
 *(.debug_macinfo)

.debug_weaknames
 *(.debug_weaknames)

.debug_funcnames
 *(.debug_funcnames)

.debug_typenames
 *(.debug_typenames)

.debug_varnames
 *(.debug_varnames)
OUTPUT(Lab_5.elf elf32-littlearm)

.debug_ranges   0x00000000      0x458
 .debug_ranges  0x00000000      0x2f0 ./system/src/stm32f0-stdperiph/stm32f0xx_tim.o
 .debug_ranges  0x000002f0       0x18 ./system/src/newlib/_exit.o
 .debug_ranges  0x00000308       0x48 ./system/src/newlib/_startup.o
 .debug_ranges  0x00000350       0x20 ./system/src/newlib/_syscalls.o
 .debug_ranges  0x00000370       0x18 ./system/src/newlib/assert.o
 .debug_ranges  0x00000388       0x18 ./system/src/cortexm/_initialize_hardware.o
 .debug_ranges  0x000003a0       0x40 ./system/src/cortexm/exception_handlers.o
 .debug_ranges  0x000003e0       0x20 ./system/src/cmsis/system_stm32f0xx.o
 .debug_ranges  0x00000400       0x10 ./system/src/cmsis/vectors_stm32f0xx.o
 .debug_ranges  0x00000410       0x38 ./src/Lights.o
 .debug_ranges  0x00000448       0x10 ./src/main.o

.debug_macro    0x00000000     0x294d
 .debug_macro   0x00000000      0x181 ./system/src/stm32f0-stdperiph/stm32f0xx_tim.o
 .debug_macro   0x00000181      0x74a ./system/src/stm32f0-stdperiph/stm32f0xx_tim.o
 .debug_macro   0x000008cb      0x172 ./system/src/newlib/_exit.o
 .debug_macro   0x00000a3d       0x9c ./system/src/newlib/_exit.o
 .debug_macro   0x00000ad9      0x10e ./system/src/newlib/_exit.o
 .debug_macro   0x00000be7       0x8d ./system/src/newlib/_exit.o
 .debug_macro   0x00000c74       0x43 ./system/src/newlib/_exit.o
 .debug_macro   0x00000cb7      0x329 ./system/src/newlib/_exit.o
 .debug_macro   0x00000fe0       0x35 ./system/src/newlib/_exit.o
 .debug_macro   0x00001015      0x138 ./system/src/newlib/_startup.o
 .debug_macro   0x0000114d      0x1c6 ./system/src/newlib/_syscalls.o
 .debug_macro   0x00001313       0x1c ./system/src/newlib/_syscalls.o
 .debug_macro   0x0000132f       0x10 ./system/src/newlib/_syscalls.o
 .debug_macro   0x0000133f       0x10 ./system/src/newlib/_syscalls.o
 .debug_macro   0x0000134f       0x10 ./system/src/newlib/_syscalls.o
 .debug_macro   0x0000135f       0x35 ./system/src/newlib/_syscalls.o
 .debug_macro   0x00001394      0x122 ./system/src/newlib/_syscalls.o
 .debug_macro   0x000014b6       0x88 ./system/src/newlib/_syscalls.o
 .debug_macro   0x0000153e       0x2b ./system/src/newlib/_syscalls.o
 .debug_macro   0x00001569      0x118 ./system/src/newlib/_syscalls.o
 .debug_macro   0x00001681      0x159 ./system/src/newlib/_syscalls.o
 .debug_macro   0x000017da       0x16 ./system/src/newlib/_syscalls.o
 .debug_macro   0x000017f0      0x18e ./system/src/newlib/assert.o
 .debug_macro   0x0000197e       0x1c ./system/src/newlib/assert.o
 .debug_macro   0x0000199a      0x165 ./system/src/cortexm/_initialize_hardware.o
 .debug_macro   0x00001aff      0x2cf ./system/src/cortexm/exception_handlers.o
 .debug_macro   0x00001dce       0x3b ./system/src/cortexm/exception_handlers.o
 .debug_macro   0x00001e09       0x22 ./system/src/cortexm/exception_handlers.o
 .debug_macro   0x00001e2b       0x10 ./system/src/cortexm/exception_handlers.o
 .debug_macro   0x00001e3b       0xcf ./system/src/cortexm/exception_handlers.o
 .debug_macro   0x00001f0a       0x19 ./system/src/cortexm/exception_handlers.o
 .debug_macro   0x00001f23       0xbe ./system/src/cortexm/exception_handlers.o
 .debug_macro   0x00001fe1       0x10 ./system/src/cortexm/exception_handlers.o
 .debug_macro   0x00001ff1      0x15b ./system/src/cmsis/system_stm32f0xx.o
 .debug_macro   0x0000214c       0x34 ./system/src/cmsis/vectors_stm32f0xx.o
 .debug_macro   0x00002180      0x165 ./src/Lights.o
 .debug_macro   0x000022e5      0x301 ./src/main.o
 .debug_macro   0x000025e6       0x16 ./src/main.o
 .debug_macro   0x000025fc       0x97 ./src/main.o
 .debug_macro   0x00002693       0xfd ./src/main.o
 .debug_macro   0x00002790       0x10 ./src/main.o
 .debug_macro   0x000027a0       0x16 ./src/main.o
 .debug_macro   0x000027b6      0x197 ./src/main.o
